2026-08-08 15:08:01.824 INFO c.a.d.c.c.BatchConfigRestaurantMenu [main] restaurantMenuItemReader: checking 6 effective restaurants for menu data
2026-08-08 15:08:01.840 INFO c.a.d.c.c.BatchConfigRestaurantMenu [main] restaurantMenuItemReader: skipping restaurant Edo Japan (402973) because a draft version exists
2026-08-08 15:08:01.841 INFO c.a.d.c.c.BatchConfigRestaurantMenu [main] restaurantMenuItemReader: skipping restaurant King Palace (616253) because a draft version exists
2026-08-08 15:08:01.843 INFO c.a.d.c.c.BatchConfigRestaurantMenu [main] restaurantMenuItemReader: skipping restaurant McDonald's (402982) because a draft version exists
2026-08-08 15:08:01.844 INFO c.a.d.c.c.BatchConfigRestaurantMenu [main] restaurantMenuItemReader: skipping restaurant OPA! (402985) because a draft version exists
2026-08-08 15:08:01.845 INFO c.a.d.c.c.BatchConfigRestaurantMenu [main] restaurantMenuItemReader: skipping restaurant Original Joe's Strathmore (402986) because a draft version exists
2026-08-08 15:08:01.846 INFO c.a.d.c.c.BatchConfigRestaurantMenu [main] restaurantMenuItemReader: skipping restaurant Pho Minh (402990) because a draft version exists
2026-08-08 15:08:01.847 INFO c.a.d.c.c.BatchConfigRestaurantMenu [main] restaurantMenuItemReader: queued 0 menu payloads for import
2026-08-08 15:08:02.154 INFO c.a.d.c.c.RestaurantMenuImageAssociationSchemaService [main] ensureRestaurantMenuImageAssociationTable: ensured restaurant_menu_image_association exists
2026-08-08 15:08:02.177 INFO c.a.d.c.c.StagedRestaurantOrderSchemaService [main] widenApprovalStatusColumn: ensured staged_restaurant_order.approval_status can store MISSED
2026-08-08 15:09:14.006 INFO c.a.d.c.c.BatchConfigRestaurantMenu [main] restaurantMenuItemReader: checking 6 effective restaurants for menu data
2026-08-08 15:09:14.024 INFO c.a.d.c.c.BatchConfigRestaurantMenu [main] restaurantMenuItemReader: skipping restaurant Edo Japan (402973) because a draft version exists
2026-08-08 15:09:14.027 INFO c.a.d.c.c.BatchConfigRestaurantMenu [main] restaurantMenuItemReader: skipping restaurant King Palace (616253) because a draft version exists
2026-08-08 15:09:15.298 INFO c.a.d.c.d.s.RestClientService [main] getGlobalMenuJson: Processing menu for restaurant:McDonald's with json size:593778
2026-08-08 15:09:15.318 INFO c.a.d.c.c.BatchConfigRestaurantMenu [main] restaurantMenuItemReader: skipping restaurant OPA! (402985) because a draft version exists
2026-08-08 15:09:15.320 INFO c.a.d.c.c.BatchConfigRestaurantMenu [main] restaurantMenuItemReader: skipping restaurant Original Joe's Strathmore (402986) because a draft version exists
2026-08-08 15:09:15.322 INFO c.a.d.c.c.BatchConfigRestaurantMenu [main] restaurantMenuItemReader: skipping restaurant Pho Minh (402990) because a draft version exists
2026-08-08 15:09:15.323 INFO c.a.d.c.c.BatchConfigRestaurantMenu [main] restaurantMenuItemReader: queued 1 menu payloads for import
2026-08-08 15:09:22.632 INFO c.a.d.c.d.s.RestaurantMenuImportService [main] importMenu: imported menu version 11 for restaurant McDonald's (402982)
2026-08-08 15:09:22.684 INFO c.a.d.c.c.RestaurantMenuImageAssociationSchemaService [main] ensureRestaurantMenuImageAssociationTable: ensured restaurant_menu_image_association exists
2026-08-08 15:09:22.707 INFO c.a.d.c.c.StagedRestaurantOrderSchemaService [main] widenApprovalStatusColumn: ensured staged_restaurant_order.approval_status can store MISSED
