2026-07-25 05:36:45.390 INFO c.a.d.c.c.BatchConfigRestaurantMenu [main] restaurantMenuItemReader: checking 6 effective restaurants for menu data
2026-07-25 05:36:46.424 INFO c.a.d.c.d.s.RestClientService [main] getGlobalMenuJson: Processing menu for restaurant:Edo Japan with json size:96419
2026-07-25 05:36:46.612 INFO c.a.d.c.d.s.RestClientService [main] getGlobalMenuJson: Processing menu for restaurant:King Palace with json size:128451
2026-07-25 05:36:46.882 INFO c.a.d.c.d.s.RestClientService [main] getGlobalMenuJson: Processing menu for restaurant:McDonald's with json size:593778
2026-07-25 05:36:47.063 INFO c.a.d.c.d.s.RestClientService [main] getGlobalMenuJson: Processing menu for restaurant:OPA! with json size:68404
2026-07-25 05:36:47.413 INFO c.a.d.c.d.s.RestClientService [main] getGlobalMenuJson: Processing menu for restaurant:Original Joe's Strathmore with json size:109543
2026-07-25 05:36:47.593 INFO c.a.d.c.d.s.RestClientService [main] getGlobalMenuJson: Processing menu for restaurant:Pho Minh with json size:125803
2026-07-25 05:36:47.599 INFO c.a.d.c.c.BatchConfigRestaurantMenu [main] restaurantMenuItemReader: queued 6 menu payloads for import
2026-07-25 05:36:49.246 INFO c.a.d.c.d.s.RestaurantMenuImportService [main] importMenu: imported menu version 15 for restaurant Edo Japan (402973)
2026-07-25 05:36:50.473 INFO c.a.d.c.d.s.RestaurantMenuImportService [main] importMenu: imported menu version 16 for restaurant King Palace (616253)
2026-07-25 05:37:00.458 INFO c.a.d.c.d.s.RestaurantMenuImportService [main] importMenu: imported menu version 8 for restaurant McDonald's (402982)
2026-07-25 05:37:04.910 INFO c.a.d.c.d.s.RestaurantMenuImportService [main] importMenu: imported menu version 15 for restaurant OPA! (402985)
2026-07-25 05:37:06.938 INFO c.a.d.c.d.s.RestaurantMenuImportService [main] importMenu: imported menu version 15 for restaurant Original Joe's Strathmore (402986)
2026-07-25 05:37:09.101 INFO c.a.d.c.d.s.RestaurantMenuImportService [main] importMenu: imported menu version 15 for restaurant Pho Minh (402990)
2026-07-25 05:37:09.724 INFO c.a.d.c.c.StagedRestaurantOrderSchemaService [main] widenApprovalStatusColumn: ensured staged_restaurant_order.approval_status can store MISSED
2026-07-25 05:56:26.450 INFO c.a.d.c.c.BatchConfigRestaurantMenu [main] restaurantMenuItemReader: checking 6 effective restaurants for menu data
2026-07-25 05:56:27.437 INFO c.a.d.c.d.s.RestClientService [main] getGlobalMenuJson: Processing menu for restaurant:Edo Japan with json size:96419
2026-07-25 05:56:27.633 INFO c.a.d.c.d.s.RestClientService [main] getGlobalMenuJson: Processing menu for restaurant:King Palace with json size:128451
2026-07-25 05:56:27.862 INFO c.a.d.c.d.s.RestClientService [main] getGlobalMenuJson: Processing menu for restaurant:McDonald's with json size:593778
2026-07-25 05:56:28.047 INFO c.a.d.c.d.s.RestClientService [main] getGlobalMenuJson: Processing menu for restaurant:OPA! with json size:68404
2026-07-25 05:56:28.226 INFO c.a.d.c.d.s.RestClientService [main] getGlobalMenuJson: Processing menu for restaurant:Original Joe's Strathmore with json size:109543
2026-07-25 05:56:28.398 INFO c.a.d.c.d.s.RestClientService [main] getGlobalMenuJson: Processing menu for restaurant:Pho Minh with json size:125803
2026-07-25 05:56:28.403 INFO c.a.d.c.c.BatchConfigRestaurantMenu [main] restaurantMenuItemReader: queued 6 menu payloads for import
2026-07-25 05:56:30.031 INFO c.a.d.c.d.s.RestaurantMenuImportService [main] importMenu: imported menu version 16 for restaurant Edo Japan (402973)
2026-07-25 05:56:31.229 INFO c.a.d.c.d.s.RestaurantMenuImportService [main] importMenu: imported menu version 17 for restaurant King Palace (616253)
2026-07-25 05:56:41.181 INFO c.a.d.c.d.s.RestaurantMenuImportService [main] importMenu: imported menu version 9 for restaurant McDonald's (402982)
2026-07-25 05:56:45.729 INFO c.a.d.c.d.s.RestaurantMenuImportService [main] importMenu: imported menu version 16 for restaurant OPA! (402985)
2026-07-25 05:56:47.713 INFO c.a.d.c.d.s.RestaurantMenuImportService [main] importMenu: imported menu version 16 for restaurant Original Joe's Strathmore (402986)
2026-07-25 05:56:49.988 INFO c.a.d.c.d.s.RestaurantMenuImportService [main] importMenu: imported menu version 16 for restaurant Pho Minh (402990)
2026-07-25 05:56:50.580 INFO c.a.d.c.c.StagedRestaurantOrderSchemaService [main] widenApprovalStatusColumn: ensured staged_restaurant_order.approval_status can store MISSED
2026-07-25 06:06:45.261 INFO c.a.d.c.c.BatchConfigRestaurantMenu [main] restaurantMenuItemReader: checking 6 effective restaurants for menu data
2026-07-25 06:06:46.294 INFO c.a.d.c.d.s.RestClientService [main] getGlobalMenuJson: Processing menu for restaurant:Edo Japan with json size:96419
2026-07-25 06:06:46.481 INFO c.a.d.c.d.s.RestClientService [main] getGlobalMenuJson: Processing menu for restaurant:King Palace with json size:128451
2026-07-25 06:06:46.734 INFO c.a.d.c.d.s.RestClientService [main] getGlobalMenuJson: Processing menu for restaurant:McDonald's with json size:593778
2026-07-25 06:06:46.913 INFO c.a.d.c.d.s.RestClientService [main] getGlobalMenuJson: Processing menu for restaurant:OPA! with json size:68404
2026-07-25 06:06:47.083 INFO c.a.d.c.d.s.RestClientService [main] getGlobalMenuJson: Processing menu for restaurant:Original Joe's Strathmore with json size:109543
2026-07-25 06:06:47.250 INFO c.a.d.c.d.s.RestClientService [main] getGlobalMenuJson: Processing menu for restaurant:Pho Minh with json size:125803
2026-07-25 06:06:47.255 INFO c.a.d.c.c.BatchConfigRestaurantMenu [main] restaurantMenuItemReader: queued 6 menu payloads for import
2026-07-25 06:06:48.591 INFO c.a.d.c.d.s.RestaurantMenuImportService [main] importMenu: imported menu version 17 for restaurant Edo Japan (402973)
2026-07-25 06:06:49.540 INFO c.a.d.c.d.s.RestaurantMenuImportService [main] importMenu: imported menu version 18 for restaurant King Palace (616253)
2026-07-25 06:06:57.683 INFO c.a.d.c.d.s.RestaurantMenuImportService [main] importMenu: imported menu version 10 for restaurant McDonald's (402982)
2026-07-25 06:07:01.397 INFO c.a.d.c.d.s.RestaurantMenuImportService [main] importMenu: imported menu version 17 for restaurant OPA! (402985)
2026-07-25 06:07:03.020 INFO c.a.d.c.d.s.RestaurantMenuImportService [main] importMenu: imported menu version 17 for restaurant Original Joe's Strathmore (402986)
2026-07-25 06:07:04.657 INFO c.a.d.c.d.s.RestaurantMenuImportService [main] importMenu: imported menu version 17 for restaurant Pho Minh (402990)
2026-07-25 06:07:05.064 INFO c.a.d.c.c.StagedRestaurantOrderSchemaService [main] widenApprovalStatusColumn: ensured staged_restaurant_order.approval_status can store MISSED
